RAM Allocation
Variable                                                          Address   Size
--------------------------------------------------------------------------------
buffer                                                            0160h       16
_base_y                                                           0170h        4
_seed                                                             0174h        4
p                                                                 0178h        2

EEPROM Allocation
Variable                                                          Address   Size
--------------------------------------------------------------------------------
PWM_Motor_EEPROM                                                  0000h        1

Register Allocation
Variable                                                          Register  Size
--------------------------------------------------------------------------------
PWM_Motor                                                         R5           1
Status_Motor                                                      R2.0      1bit
key                                                               R4           1
t                                                                 R6,R7        2
_lcd_x                                                            R9           1
_lcd_y                                                            R8           1
_lcd_maxx                                                         R11          1
